// Jest Snapshot v1, https://goo.gl/fbAQLP

exports[`Pruebas en el <GifGrid /> debe mostrar correctamente 1`] = `
<Fragment>
  <h3>
     
    One Punch
     
  </h3>
  <p>
     Loading
  </p>
  <div
    className="card-grid"
  />
</Fragment>
`;
